*** Testing get_html_translation_table() : basic functionality - HTML 5/Windows-1251 ***
-- with table = HTML_ENTITIES, ENT_COMPAT --

Fatal error: Uncaught Error: Call to undefined function get_html_translation_table in /home/ronald/proj/goro/test/php-7.2.10/basic/strings/get_html_translation_table_basic6.php:9
Stack trace:
#0 {main}
  thrown in /home/ronald/proj/goro/test/php-7.2.10/basic/strings/get_html_translation_table_basic6.php on line 9