*** Testing get_html_translation_table() : basic functionality/Windows-1252 ***
-- with table = HTML_ENTITIES --

Fatal error: Uncaught Error: Call to undefined function get_html_translation_table in /home/ronald/proj/goro/test/php-7.2.10/basic/strings/get_html_translation_table_basic4.php:12
Stack trace:
#0 {main}
  thrown in /home/ronald/proj/goro/test/php-7.2.10/basic/strings/get_html_translation_table_basic4.php on line 12