Fatal error: Uncaught Error: Call to undefined function setlocale in /home/ronald/proj/goro/test/php-7.2.10/basic/strings/get_html_translation_table_basic2.php:10
Stack trace:
#0 {main}
  thrown in /home/ronald/proj/goro/test/php-7.2.10/basic/strings/get_html_translation_table_basic2.php on line 10