*** Testing get_html_translation_table() : basic functionality/XML 1.0 ***
-- with table = HTML_ENTITIES, ENT_QUOTES --

Fatal error: Uncaught Error: Call to undefined function get_html_translation_table in /home/ronald/proj/goro/test/php-7.2.10/basic/strings/get_html_translation_table_basic8.php:6
Stack trace:
#0 {main}
  thrown in /home/ronald/proj/goro/test/php-7.2.10/basic/strings/get_html_translation_table_basic8.php on line 6