*** Testing hebrev() : basic functionality ***

Fatal error: Uncaught Error: Call to undefined function hebrev in /home/ronald/proj/goro/test/php-7.2.10/basic/strings/hebrev_basic.php:12
Stack trace:
#0 {main}
  thrown in /home/ronald/proj/goro/test/php-7.2.10/basic/strings/hebrev_basic.php on line 12