*** Testing htmlspecialchars_decode() : basic functionality ***

Fatal error: Uncaught Error: Call to undefined function htmlspecialchars_decode in /home/ronald/proj/goro/test/php-7.2.10/basic/strings/htmlspecialchars_decode_basic.php:16
Stack trace:
#0 {main}
  thrown in /home/ronald/proj/goro/test/php-7.2.10/basic/strings/htmlspecialchars_decode_basic.php on line 16