*** Testing money_format() : basic functionality***
Format values with 14 positions, 8 digits to left, 2 to right using national format

Fatal error: Uncaught Error: Call to undefined function money_format in /home/ronald/proj/goro/test/php-7.2.10/basic/strings/money_format_basic1.php:20
Stack trace:
#0 {main}
  thrown in /home/ronald/proj/goro/test/php-7.2.10/basic/strings/money_format_basic1.php on line 20