*** Testing number_format() : basic functionality ***

-- number_format tests.....default --
string(5) "1,234"
string(6) "-1,234"
string(10) "12,346,578"
string(11) "-12,345,678"
string(8) "35,45479"
string(10) "42,653,183"
string(11) "123,456,789"
string(3) "123"
string(3) "123"
panic: runtime error: integer divide by zero

goroutine 1 [running]:
github.com/MagicalTux/goro/ext/standard.fncStrNumberFormat({0x8bf4b0, 0xc000346f80}, {0xc0001288b0, 0x1, 0x1})
	/home/ronald/proj/goro/ext/standard/strings.go:588 +0x7ea
github.com/MagicalTux/goro/core/phpctx.(*ExtFunction).Call(0xc0001ac450, {0x8bf4b0, 0xc000346f80}, {0xc0001288b0, 0x1, 0x1})
	/home/ronald/proj/goro/core/phpctx/ext.go:33 +0x9d
github.com/MagicalTux/goro/core/phpctx.(*Global).CallZVal(0xc000274000, {0x8bf388, 0xc000274000}, {0x8bd070, 0xc0001ac450}, {0xc0001288b0, 0x1, 0x1}, {0xc00033d2f0, 0x1, ...})
	/home/ronald/proj/goro/core/phpctx/global-call.go:84 +0x8a6
github.com/MagicalTux/goro/core/phpctx.(*Global).Call(0xc000274000, {0x8bf388, 0xc000274000}, {0x8bd070, 0xc0001ac450}, {0xc00033c1f0, 0x1, 0x1}, {0xc00033d2f0, 0x1, ...})
	/home/ronald/proj/goro/core/phpctx/global-call.go:18 +0x32c
github.com/MagicalTux/goro/core/compiler.(*runnableFunctionCallRef).Run(0xc000322810, {0x8bf388, 0xc000274000})
	/home/ronald/proj/goro/core/compiler/compile-func.go:160 +0x1590
github.com/MagicalTux/goro/core/compiler.(*runOperator).Run(0xc000344000, {0x8bf388, 0xc000274000})
	/home/ronald/proj/goro/core/compiler/run-operator.go:195 +0x3ea
github.com/MagicalTux/goro/core/phpv.Runnables.Run({0xc0002f3ba0, 0x2, 0x2}, {0x8bf388, 0xc000274000})
	/home/ronald/proj/goro/core/phpv/run.go:9 +0x103
github.com/MagicalTux/goro/core/compiler.(*runnableFor).Run(0xc0000adec0, {0x8bf388, 0xc000274000})
	/home/ronald/proj/goro/core/compiler/compile-for.go:86 +0x2fe
github.com/MagicalTux/goro/core/phpv.Runnables.Run({0xc00034e000, 0xb, 0x10}, {0x8bf388, 0xc000274000})
	/home/ronald/proj/goro/core/phpv/run.go:9 +0x103
github.com/MagicalTux/goro/core/phpctx.(*Global).Require(0xc000274000, {0x8bf388, 0xc000274000}, {0x7ffce0846718, 0x4c})
	/home/ronald/proj/goro/core/phpctx/global-inc.go:116 +0x4da
github.com/MagicalTux/goro/core/phpctx.(*Global).RunFile(0xc000274000, {0x7ffce0846718, 0x4c})
	/home/ronald/proj/goro/core/phpctx/global.go:246 +0x7f
main.main()
	/home/ronald/proj/goro/sapi/php-cli/main.go:60 +0x6a9