*** Testing parse_str() : basic functionality ***
Basic test WITHOUT result arg

Fatal error: Uncaught Error: parse_str(): Too few arguments in /home/ronald/proj/goro/test/php-7.2.10/basic/strings/parse_str_basic1.php:12
Stack trace:
#0 /home/ronald/proj/goro/test/php-7.2.10/basic/strings/parse_str_basic1.php(12): parse_str(first=val1&second=val2&third=val3)
#1 {main}
  thrown in /home/ronald/proj/goro/test/php-7.2.10/basic/strings/parse_str_basic1.php on line 12