*** Testing parse_str() : basic functionality ***

Test string with array values

Fatal error: Uncaught Error: parse_str(): Too few arguments in /home/ronald/proj/goro/test/php-7.2.10/basic/strings/parse_str_basic3.php:11
Stack trace:
#0 /home/ronald/proj/goro/test/php-7.2.10/basic/strings/parse_str_basic3.php(11): parse_str(first=abc&a[]=123&a[]=false&b[]=str&c[]=3.5&a[]=last)
#1 {main}
  thrown in /home/ronald/proj/goro/test/php-7.2.10/basic/strings/parse_str_basic3.php on line 11