*** Testing printf() : basic functionality - using exponential format ***

-- Calling printf() with no arguments --
format
int(6)

-- Calling printf() with one argument --
1.00000000000000e+03
int(20)

-- Calling printf() with two arguments --
1.00000000000000E+03 2.00000000000000e+03
int(41)

-- Calling printf() with three arguments --
1.00000000000000e+03 2.00000000000000E+03 3.00000000000000e+03
int(62)
===DONE===