*** Testing rtrim() : basic functionality ***

-- Trim string with all white space characters --
string(27) "---These are a few words---"

-- Trim non-whitespace from a string --
string(15) "!===Hello World"

-- Trim some non-white space characters from a string --
string(10) "!===Hello "

-- Trim some non-white space characters from a string using a character range --
string(35) "0123456789ABCDEFGHIJKLMNOPQRSTUVWXY"

-- Trim the ASCII control characters at the beginning of a string --
string(16) "Example string
"
===DONE===