*** Testing setlocale() by passing multiple locales as argument ***