*** Testing setlocale() with an array containing list of locales ***