*** Testing setlocale() : basic functionality - set to a specific locale ***