*** Test by calling method or function with its expected arguments ***

Fatal error: Uncaught Error: Call to undefined function show_source in /home/ronald/proj/goro/test/php-7.2.10/basic/strings/show_source_basic.php:13
Stack trace:
#0 {main}
  thrown in /home/ronald/proj/goro/test/php-7.2.10/basic/strings/show_source_basic.php on line 13