*** Testing soundex() : basic functionality ***

Fatal error: Uncaught Error: Call to undefined function soundex in /home/ronald/proj/goro/test/php-7.2.10/basic/strings/soundex_basic.php:8
Stack trace:
#0 {main}
  thrown in /home/ronald/proj/goro/test/php-7.2.10/basic/strings/soundex_basic.php on line 8