*** Testing sscanf() : basic functionality - using integer format ***

-- Try sccanf() WITHOUT optional args --

Fatal error: Uncaught Error: Call to undefined function sscanf in /home/ronald/proj/goro/test/php-7.2.10/basic/strings/sscanf_basic2.php:18
Stack trace:
#0 {main}
  thrown in /home/ronald/proj/goro/test/php-7.2.10/basic/strings/sscanf_basic2.php on line 18