*** Testing sscanf() : basic functionality -using exponential format ***

-- Try sccanf() WITHOUT optional args --

Fatal error: Uncaught Error: Call to undefined function sscanf in /home/ronald/proj/goro/test/php-7.2.10/basic/strings/sscanf_basic5.php:16
Stack trace:
#0 {main}
  thrown in /home/ronald/proj/goro/test/php-7.2.10/basic/strings/sscanf_basic5.php on line 16