*** Testing stripos() function: basic functionality ***
-- With all arguments --
int(0)
bool(false)
int(7)
int(7)
int(1)
int(4)
int(-5)
int(0)
int(0)
bool(false)
int(0)
bool(false)
int(-12)
int(-11)
int(4)
int(8)
int(8)
bool(false)
int(-3)
int(-4)
int(-6)
int(0)
int(1)
*** Done ***