***Testing basic operations ***

Fatal error: Uncaught Error: Call to undefined function substr_count in /home/ronald/proj/goro/test/php-7.2.10/basic/strings/substr_count_basic.php:4
Stack trace:
#0 {main}
  thrown in /home/ronald/proj/goro/test/php-7.2.10/basic/strings/substr_count_basic.php on line 4