*** Testing vfprintf() : basic functionality - using string format ***
Warning: fopen(): fopen(/home/ronald/proj/goro/test/php-7.2.10/basic/strings/vfprintf_basic1.txt): failed to open stream: No such file or directory in /home/ronald/proj/goro/test/php-7.2.10/basic/strings/vfprintf_basic1.php on line 21
panic: runtime error: invalid memory address or nil pointer dereference
[signal SIGSEGV: segmentation violation code=0x1 addr=0x0 pc=0x6ae1bd]

goroutine 1 [running]:
github.com/MagicalTux/goro/core/compiler.(*runReturn).Run(0xc0002db920, {0x8bd028, 0xc000350000})
	/home/ronald/proj/goro/core/compiler/compile-return.go:38 +0x5d
github.com/MagicalTux/goro/core/compiler.(*runnableIf).Run(0xc000251ac0, {0x8bd028, 0xc000350000})
	/home/ronald/proj/goro/core/compiler/compile-if.go:28 +0x233
github.com/MagicalTux/goro/core/phpv.Runnables.Run({0xc000414000, 0x14, 0x20}, {0x8bd028, 0xc000350000})
	/home/ronald/proj/goro/core/phpv/run.go:9 +0x103
github.com/MagicalTux/goro/core/phpctx.(*Global).Require(0xc000350000, {0x8bd028, 0xc000350000}, {0x7ffc531e1724, 0x48})
	/home/ronald/proj/goro/core/phpctx/global-inc.go:116 +0x4da
github.com/MagicalTux/goro/core/phpctx.(*Global).RunFile(0xc000350000, {0x7ffc531e1724, 0x48})
	/home/ronald/proj/goro/core/phpctx/global.go:246 +0x7f
main.main()
	/home/ronald/proj/goro/sapi/php-cli/main.go:60 +0x6a9