*** Testing vfprintf() : basic functionality - using unsigned format ***
Warning: fopen(): fopen(/home/ronald/proj/goro/test/php-7.2.10/basic/strings/vfprintf_basic7_64bit.txt): failed to open stream: No such file or directory in /home/ronald/proj/goro/test/php-7.2.10/basic/strings/vfprintf_basic7_64bit.php on line 20
panic: runtime error: invalid memory address or nil pointer dereference
[signal SIGSEGV: segmentation violation code=0x1 addr=0x0 pc=0x6ae1bd]

goroutine 1 [running]:
github.com/MagicalTux/goro/core/compiler.(*runReturn).Run(0xc0000ee408, {0x8bd028, 0xc0003ba000})
	/home/ronald/proj/goro/core/compiler/compile-return.go:38 +0x5d
github.com/MagicalTux/goro/core/compiler.(*runnableIf).Run(0xc0000e1c40, {0x8bd028, 0xc0003ba000})
	/home/ronald/proj/goro/core/compiler/compile-if.go:28 +0x233
github.com/MagicalTux/goro/core/phpv.Runnables.Run({0xc0000fe000, 0x14, 0x20}, {0x8bd028, 0xc0003ba000})
	/home/ronald/proj/goro/core/phpv/run.go:9 +0x103
github.com/MagicalTux/goro/core/phpctx.(*Global).Require(0xc0003ba000, {0x8bd028, 0xc0003ba000}, {0x7ffc48e1c712, 0x4e})
	/home/ronald/proj/goro/core/phpctx/global-inc.go:116 +0x4da
github.com/MagicalTux/goro/core/phpctx.(*Global).RunFile(0xc0003ba000, {0x7ffc48e1c712, 0x4e})
	/home/ronald/proj/goro/core/phpctx/global.go:246 +0x7f
main.main()
	/home/ronald/proj/goro/sapi/php-cli/main.go:60 +0x6a9