*** Testing vprintf() : basic functionality - using hexadecimal format ***
b
int(1)
%X
int(2)
b 84
int(4)
 
int(1)
b 84 b1
int(7)
  
int(2)
===DONE===