*** Testing vprintf() : basic functionality - using float format ***
11.11000000000000
int(17)
11.11000000000000
int(17)
11.11000000000000 22.22000000000000
int(35)
11.11000000000000 22.22000000000000
int(35)
11.11000000000000 22.22000000000000 33.33000000000000
int(53)
11.11000000000000 22.22000000000000 33.33000000000000
int(53)
===DONE===