*** Testing vprintf() : basic functionality - using unsigned format ***
1777777777777777775651
int(22)
1777777777777777775651 1777777777777773224571
int(45)
1777777777777777775651 1777777777777773224571 1777777777777767033050
int(68)
===DONE===