*** Testing vsprintf() : basic functionality - using float format ***
string(17) "11.11000000000000"
string(17) "11.11000000000000"
string(35) "11.11000000000000 22.22000000000000"
string(35) "11.11000000000000 22.22000000000000"
string(53) "11.11000000000000 22.22000000000000 33.33000000000000"
string(53) "11.11000000000000 22.22000000000000 33.33000000000000"
Done