*** Testing vsprintf() : basic functionality - using unsigned format ***
string(22) "1777777777777777775651"
string(45) "1777777777777777775651 1777777777777773224571"
string(68) "1777777777777777775651 1777777777777773224571 1777777777777767033050"
Done