*** Testing vsprintf() : basic functionality - using hexadecimal format ***
string(1) "b"
string(2) "%X"
string(4) "b 84"
string(1) " "
string(7) "b 84 b1"
string(2) "  "
Done