hey, this is a regular echo'd eval()
hey, this is a function inside an eval()!
hey, this is a regular echo'd eval()
hey, this is a function inside an eval()!
hey, this is a regular echo'd eval()
hey, this is a function inside an eval()!
hey, this is a regular echo'd eval()
hey, this is a function inside an eval()!
hey, this is a regular echo'd eval()
hey, this is a function inside an eval()!
hey, this is a regular echo'd eval()
hey, this is a function inside an eval()!
hey, this is a regular echo'd eval()
hey, this is a function inside an eval()!
hey, this is a regular echo'd eval()
hey, this is a function inside an eval()!
hey, this is a regular echo'd eval()
hey, this is a function inside an eval()!
hey, this is a regular echo'd eval()
hey, this is a function inside an eval()!

Fatal error: Uncaught Error: 
Parse error: syntax error, unexpected T_EOF in /home/ronald/proj/goro/test/php-7.2.10/lang/019.php(12) : eval()'d code on line 1