Call to undefined function setlocale in /home/ronald/proj/goro/test/php-7.2.10/lang/034.php on line 3